\BOOKMARK [1][-]{section.1}{\376\377\000I\000n\000t\000r\000o\000d\000u\000c\000t\000i\000o\000n}{}% 1
\BOOKMARK [1][-]{section.2}{\376\377\000D\000a\000t\000a}{}% 2
\BOOKMARK [1][-]{section.3}{\376\377\000T\000h\000e\000\040\000K\000N\000N\000+\000\040\000a\000n\000d\000\040\000D\000T\000+\000\040\000A\000l\000g\000o\000r\000i\000t\000h\000m\000s}{}% 3
\BOOKMARK [2][-]{subsection.3.1}{\376\377\000K\000N\000N\000+\000:\000\040\000i\000n\000f\000o\000r\000m\000a\000t\000i\000o\000n\000-\000g\000a\000i\000n\000-\000w\000e\000i\000g\000h\000t\000e\000d\000\040\000V\000a\000l\000u\000e\000\040\000D\000i\000f\000f\000e\000r\000e\000n\000c\000e\000\040\000M\000e\000t\000r\000i\000c}{section.3}% 4
\BOOKMARK [2][-]{subsection.3.2}{\376\377\000D\000T\000+\000:\000\040\000I\000n\000f\000o\000r\000m\000a\000t\000i\000o\000n\000\040\000G\000a\000i\000n\000\040\000w\000i\000t\000h\000\040\000R\000e\000d\000u\000c\000e\000d\000-\000E\000r\000r\000o\000r\000\040\000P\000r\000u\000n\000i\000n\000g}{section.3}% 5
\BOOKMARK [1][-]{section.4}{\376\377\000R\000e\000s\000u\000l\000t\000s}{}% 6
\BOOKMARK [2][-]{subsection.4.1}{\376\377\000E\000x\000p\000e\000r\000i\000m\000e\000n\000t\000a\000l\000\040\000s\000e\000t\000u\000p}{section.4}% 7
\BOOKMARK [2][-]{subsection.4.2}{\376\377\000A\000c\000c\000u\000r\000a\000c\000y\000\040\000o\000f\000\040\000a\000l\000l\000\040\000c\000l\000a\000s\000s\000i\000f\000i\000e\000r\000s}{section.4}% 8
\BOOKMARK [2][-]{subsection.4.3}{\376\377\000A\000d\000d\000i\000t\000i\000o\000n\000a\000l\000\040\000p\000e\000r\000f\000o\000r\000m\000a\000n\000c\000e\000\040\000m\000e\000a\000s\000u\000r\000e\000s}{section.4}% 9
\BOOKMARK [2][-]{subsection.4.4}{\376\377\000P\000r\000e\000c\000i\000s\000i\000o\000n\040\023\000r\000e\000c\000a\000l\000l\000\040\000t\000r\000a\000d\000e\000-\000o\000f\000f}{section.4}% 10
\BOOKMARK [1][-]{section.5}{\376\377\000D\000i\000s\000c\000u\000s\000s\000i\000o\000n}{}% 11
\BOOKMARK [2][-]{subsection.5.1}{\376\377\000C\000o\000m\000p\000a\000r\000i\000s\000o\000n\000\040\000o\000f\000\040\000a\000l\000l\000\040\000c\000l\000a\000s\000s\000i\000f\000i\000e\000r\000s}{section.5}% 12
\BOOKMARK [2][-]{subsection.5.2}{\376\377\000M\000y\000K\000N\000N\000\040\000v\000s\000.\000\040\000M\000y\000K\000N\000N\000+\000\040\000a\000n\000d\000\040\000M\000y\000D\000T\000\040\000v\000s\000.\000\040\000M\000y\000D\000T\000+}{section.5}% 13
\BOOKMARK [2][-]{subsection.5.3}{\376\377\000M\000y\000\040\000c\000l\000a\000s\000s\000i\000f\000i\000e\000r\000s\000\040\000v\000s\000.\000\040\000W\000e\000k\000a\000'\000s}{section.5}% 14
\BOOKMARK [2][-]{subsection.5.4}{\376\377\000J\0004\0008\000-\000u\000n\000p\000r\000u\000n\000e\000d\000\040\000v\000s\000.\000\040\000J\0004\0008\000-\000p\000r\000u\000n\000e\000d\000:\000\040\000t\000h\000e\000\040\000e\000f\000f\000e\000c\000t\000\040\000o\000f\000\040\000p\000r\000u\000n\000i\000n\000g}{section.5}% 15
\BOOKMARK [2][-]{subsection.5.5}{\376\377\000T\000r\000e\000e\000-\000b\000a\000s\000e\000d\000\040\000c\000l\000a\000s\000s\000i\000f\000i\000e\000r\000s\000:\000\040\000s\000i\000n\000g\000l\000e\000\040\000t\000r\000e\000e\000\040\000v\000s\000.\000\040\000e\000n\000s\000e\000m\000b\000l\000e\000s}{section.5}% 16
\BOOKMARK [2][-]{subsection.5.6}{\376\377\000S\000t\000a\000t\000i\000s\000t\000i\000c\000a\000l\000\040\000s\000i\000g\000n\000i\000f\000i\000c\000a\000n\000c\000e\000\040\000o\000f\000\040\000o\000u\000r\000\040\000e\000x\000t\000e\000n\000s\000i\000o\000n\000s}{section.5}% 17
\BOOKMARK [1][-]{section.6}{\376\377\000C\000o\000n\000c\000l\000u\000s\000i\000o\000n}{}% 18
\BOOKMARK [1][-]{appendix.A}{\376\377\000S\000o\000u\000r\000c\000e\000\040\000c\000o\000d\000e\000:\000\040\000K\000N\000N\000+}{}% 19
\BOOKMARK [1][-]{appendix.B}{\376\377\000S\000o\000u\000r\000c\000e\000\040\000c\000o\000d\000e\000:\000\040\000D\000T\000+}{}% 20
\BOOKMARK [1][-]{appendix.C}{\376\377\000M\000y\000D\000T\000\040\000d\000i\000a\000g\000r\000a\000m\000\040\000\050\000f\000u\000l\000l\000\040\000I\000n\000f\000o\000r\000m\000a\000t\000i\000o\000n\000-\000G\000a\000i\000n\000\040\000t\000r\000e\000e\000,\000\040\000n\000o\000\040\000p\000r\000u\000n\000i\000n\000g\000\051}{}% 21
\BOOKMARK [1][-]{appendix.D}{\376\377\000M\000y\000D\000T\000+\000\040\000d\000i\000a\000g\000r\000a\000m\000\040\000\050\000R\000e\000d\000u\000c\000e\000d\000-\000E\000r\000r\000o\000r\000\040\000P\000r\000u\000n\000i\000n\000g\000\051}{}% 22
